// Jest Snapshot v1, https://goo.gl/fbAQLP

exports[`Tab Header renders correctly 1`] = `
<div
  className="redux-templates-builder-modal-header"
>
  <div
    className="template-search-box"
  >
    <div>
      <i
        className="fas fa-search"
      />
      <input
        className="form-control"
        onChange={[Function]}
        placeholder="Type to search"
        type="search"
      />
    </div>
  </div>
  <div
    className="redux-templates-template-list-header"
  >
    <button
      className=""
      onClick={[Function]}
    >

      Sections

    </button>
    <button
      className=""
      onClick={[Function]}
    >

      Pages

    </button>
    <button
      className=""
      onClick={[Function]}
    >

      Collections

    </button>
    <button
      className=""
      onClick={[Function]}
    >

      Saved

    </button>
    <button
      className="redux-templates-builder-close-modal"
      onClick={[Function]}
    >
      <i
        className="fas fa-times"
      />
    </button>
  </div>
</div>
`;
